// Vitest Snapshot v1, https://vitest.dev/guide/snapshot.html

exports[`header > renders the header component 1`] = `
{
  "baseElement": <body>
    
  


    <div>
      <nav
        class="navbar navbar-expand-lg bg-light sticky-top shadow-sm border-bottom"
      >
        <div
          class="container-fluid"
        >
          <router-link
            class="navbar-brand"
            to="/"
          >
            <!---->
             OpenCal 
          </router-link>
          <button
            aria-controls="navbarSupportedContent"
            aria-expanded="false"
            aria-label="Toggle navigation"
            class="navbar-toggler"
            data-bs-target="#navbarSupportedContent"
            data-bs-toggle="collapse"
            type="button"
          >
            <span
              class="navbar-toggler-icon"
            />
          </button>
          <div
            class="collapse navbar-collapse"
            id="navbarSupportedContent"
          >
            <ul
              class="navbar-nav ms-auto mb-2 mb-lg-0"
            >
              <li
                class="nav-item"
              >
                <router-link
                  active-class="active"
                  class="nav-link"
                  to="/"
                >
                  header.nav.dashboard
                </router-link>
              </li>
              <li
                class="nav-item"
              >
                <router-link
                  active-class="active"
                  class="nav-link"
                  to="/appointments"
                >
                  header.nav.appointments
                </router-link>
              </li>
              <li
                class="nav-item dropdown"
              >
                <a
                  aria-expanded="false"
                  class="nav-link dropdown-toggle"
                  data-bs-toggle="dropdown"
                  href="#"
                  role="button"
                >
                  <!---->
                   test@test.tld
                </a>
                <ul
                  class="dropdown-menu dropdown-menu-lg-end"
                >
                  <li>
                    <router-link
                      class="nav-link"
                      id="my-account-link"
                      to="/account"
                    >
                      <!---->
                       header.nav.account
                    </router-link>
                  </li>
                  <li
                    class="dropdown-divider"
                  />
                  <li>
                    <a
                      class="nav-link"
                      href="#"
                      id="logout-link"
                    >
                      <!---->
                       header.nav.logout
                    </a>
                  </li>
                </ul>
              </li>
            </ul>
          </div>
        </div>
      </nav>
    </div>
  </body>,
  "container": <div>
    <nav
      class="navbar navbar-expand-lg bg-light sticky-top shadow-sm border-bottom"
    >
      <div
        class="container-fluid"
      >
        <router-link
          class="navbar-brand"
          to="/"
        >
          <!---->
           OpenCal 
        </router-link>
        <button
          aria-controls="navbarSupportedContent"
          aria-expanded="false"
          aria-label="Toggle navigation"
          class="navbar-toggler"
          data-bs-target="#navbarSupportedContent"
          data-bs-toggle="collapse"
          type="button"
        >
          <span
            class="navbar-toggler-icon"
          />
        </button>
        <div
          class="collapse navbar-collapse"
          id="navbarSupportedContent"
        >
          <ul
            class="navbar-nav ms-auto mb-2 mb-lg-0"
          >
            <li
              class="nav-item"
            >
              <router-link
                active-class="active"
                class="nav-link"
                to="/"
              >
                header.nav.dashboard
              </router-link>
            </li>
            <li
              class="nav-item"
            >
              <router-link
                active-class="active"
                class="nav-link"
                to="/appointments"
              >
                header.nav.appointments
              </router-link>
            </li>
            <li
              class="nav-item dropdown"
            >
              <a
                aria-expanded="false"
                class="nav-link dropdown-toggle"
                data-bs-toggle="dropdown"
                href="#"
                role="button"
              >
                <!---->
                 test@test.tld
              </a>
              <ul
                class="dropdown-menu dropdown-menu-lg-end"
              >
                <li>
                  <router-link
                    class="nav-link"
                    id="my-account-link"
                    to="/account"
                  >
                    <!---->
                     header.nav.account
                  </router-link>
                </li>
                <li
                  class="dropdown-divider"
                />
                <li>
                  <a
                    class="nav-link"
                    href="#"
                    id="logout-link"
                  >
                    <!---->
                     header.nav.logout
                  </a>
                </li>
              </ul>
            </li>
          </ul>
        </div>
      </div>
    </nav>
  </div>,
  "debug": [Function],
  "emitted": [Function],
  "getByAltText": [Function],
  "getByLabelText": [Function],
  "getByPlaceholder": [Function],
  "getByRole": [Function],
  "getByTestId": [Function],
  "getByText": [Function],
  "getByTitle": [Function],
  "rerender": [Function],
  "unmount": [Function],
}
`;
