{
    "{attendee_name}": "The Attendee",
    "{time_from}": "10:00",
    "{booking_date}": "02.04.2025",
    "{event_type_name}": "Unit Test Event",
    "{duration}": 30,
    "{email_attendee}": "participant@unit-test.com",
    "{host_email}": "host@unit-test.tld",
    "{frontend_url}": "http://http://frontend.tld"
}
