{
    "{attendee_name}": "The Attendee",
    "{time_from}": "10:00",
    "{booking_date}": "02.04.2025",
    "{event_type_name}": "Unit Test Event",
    "{duration}": 30,
    "{email_attendee}": "email@unit-test.tld",
    "{given_name}": "Unit",
    "{family_name}": "Test",
    "{frontend_url}": "http://http://frontend.tld"
}
