{
    "{attendee_name}": "unknown",
    "{time_from}": "10:00",
    "{booking_date}": "02.04.2025",
    "{event_type_name}": "Unit Test Event",
    "{duration}": 30,
    "{email_attendee}": "participant@unit-test.com",
    "{given_name}": "Unit",
    "{family_name}": "Test",
    "{host_email}": "host@unit-test.tld",
    "{frontend_url}": "http://http://frontend.tld",
    "{cancellation_url}": "http://http://frontend.tld/event/123/cancel/2e2af3da3b4d75fce835dad5ea077471"
}
