{
    "enabled": true,
    "baseUri": "http://example.com",
    "username": "user",
    "password": "password"
}
