{
    "id": 1,
    "email": "test@mail.tld",
    "roles": [
        "ROLE_USER"
    ],
    "givenName": "Test",
    "familyName": "User"
}
