{
    "day_of_week": "friday",
    "event_type": {
        "id": 1,
        "name": "Conference Call"
    },
    "availabilities": []
}
