{
    "day_of_week": "tuesday",
    "event_type": {
        "id": 1,
        "name": "Conference Call"
    },
    "availabilities": [
        {
            "start": "09:00",
            "end": "10:00"
        },
        {
            "start": "10:00",
            "end": "11:00"
        },
        {
            "start": "11:00",
            "end": "12:00"
        },
        {
            "start": "12:00",
            "end": "13:00"
        },
        {
            "start": "13:00",
            "end": "14:00"
        },
        {
            "start": "14:00",
            "end": "15:00"
        },
        {
            "start": "15:00",
            "end": "16:00"
        },
        {
            "start": "16:00",
            "end": "17:00"
        }
    ]
}
