{
    "id": 4,
    "eventType": {
        "id": 1,
        "name": "Conference Call",
        "description": "A call to discuss project updates.",
        "duration": 60,
        "slug": "conference-call"
    },
    "startTime": "1970-01-01T11:00:00+00:00",
    "endTime": "1970-01-01T11:30:00+00:00",
    "day": "2024-03-05T00:00:00+00:00",
    "participantName": "Test User",
    "participantEmail": "mail@user.tld"
}
