[
    {
        "id": 1,
        "eventType": {
            "id": 1,
            "name": "Conference Call",
            "description": "A call to discuss project updates.",
            "duration": 60,
            "slug": "conference-call"
        },
        "startTime": "1970-01-01T10:00:00+00:00",
        "endTime": "1970-01-01T11:00:00+00:00",
        "day": "2024-01-01T00:00:00+00:00",
        "participantName": "John Doe",
        "participantEmail": "john.doe@example.com",
        "participantMessage": "Looking forward to the event!"
    },
    {
        "id": 2,
        "eventType": {
            "id": 2,
            "name": "Team Meeting",
            "description": "Weekly sync with the team.",
            "duration": 30,
            "slug": "team-meeting"
        },
        "startTime": "1970-01-01T10:00:00+00:00",
        "endTime": "1970-01-01T10:30:00+00:00",
        "day": "2024-01-01T00:00:00+00:00",
        "participantName": "Jane Smith",
        "participantEmail": "jane.smith@example.com",
        "participantMessage": "Can we discuss the agenda beforehand?"
    },
    {
        "id": 3,
        "eventType": {
            "id": 1,
            "name": "Conference Call",
            "description": "A call to discuss project updates.",
            "duration": 60,
            "slug": "conference-call"
        },
        "startTime": "1970-01-01T10:00:00+00:00",
        "endTime": "1970-01-01T11:00:00+00:00",
        "day": "2024-01-01T00:00:00+00:00",
        "participantName": "Alice Johnson",
        "participantEmail": "alice.johnson@example.com"
    }
]
