{
    "id": 1,
    "name": "Conference Call",
    "description": "A call to discuss project updates.",
    "duration": 60,
    "slug": "conference-call",
    "host": {
        "givenName": "John",
        "familyName": "Doe"
    }
}
